RAM Allocation [bytes]
Variable                                                                          Address   Size
------------------------------------------------------------------------------------------------
video_ram                                                                         0x0160       4
pwm_counter                                                                       0x0164       2
pump_state                                                                        0x0166       2
state                                                                             0x0168       1
state_1                                                                           0x0169       1
toggle                                                                            0x016A       1
temp                                                                              0x016B       2
state_long_press_life                                                             0x016D       1
state_life                                                                        0x016E       2
state_life_1                                                                      0x0170       2
tx_buffer                                                                         0x0172       8
tx_wr_index                                                                       0x017A       1
tx_rd_index                                                                       0x017B       1
tx_counter                                                                        0x017C       1

EEPROM Allocation [bytes]
Variable                                                                          Address   Size
------------------------------------------------------------------------------------------------
eep_set_timer                                                                     0x000A       1
eep_timer_on_off                                                                  0x000B       1
eep_pump_pwm                                                                      0x000C       2

Register Allocation
Variable                                                                          Register  Size
------------------------------------------------------------------------------------------------
cursor                                                                            R5           1
seg_pattern                                                                       R4           1
b_long_press                                                                      R7           1
set_timer                                                                         R6           1
timer_on_off                                                                      R9           1
pump_pwm                                                                          R10,R11      2
timer                                                                             R8           1
time_logic                                                                        R12,R13      2

FLASH Allocation [words]
Function                                                                          Address   Size
------------------------------------------------------------------------------------------------
seg_init                                                                          0x00055     23
display                                                                           0x0019A      9
refresh_display                                                                   0x001A3     34
read_adc                                                                          0x001C5     12
button_init                                                                       0x001D1      1
read_adc_buttons                                                                  0x001D2     20
read_button                                                                       0x001E6     57
pump_init                                                                         0x0021F      3
pump_on                                                                           0x00222      2
pump_off                                                                          0x00224      2
pump_subroutine                                                                   0x00226     32
pump                                                                              0x00246     19
pump_pwm_up                                                                       0x00259     17
pump_pwm_down                                                                     0x0026A     14
do_on                                                                             0x00278     57
do_off                                                                            0x002B1      4
do_sleep                                                                          0x002B5      7
do_set_pwm                                                                        0x002BC      7
do_set_time                                                                       0x002C3      7
do_set_timer_on_off                                                               0x002CA      7
do_exit                                                                           0x002D1      7
do_setting_time                                                                   0x002E2      6
do_setting_timer_on_off                                                           0x002E8     13
timer_up                                                                          0x002F5     17
timer_down                                                                        0x00306     15
usart_tx_isr                                                                      0x00315     36
timer0_ovf_isr                                                                    0x00339     23
timer2_ovf_isr                                                                    0x00350     18
fetch_eeprom                                                                      0x00362     34
init                                                                              0x00384      8
main                                                                              0x0038C    355
